13:18:58 **** Auto Build of configuration Debug for project PWM_AXI_tutorial ****
make pre-build main-build 
a9-linaro-pre-build-step
 
Building file: ../src/main.c
Invoking: ARM v7 gcc compiler
arm-none-eabi-gcc -Wall -O0 -g3 -c -fmessage-length=0 -MT"src/main.o" -mcpu=cortex-a9 -mfpu=vfpv3 -mfloat-abi=hard -I../../PWM_AXI_tutorial_bsp/ps7_cortexa9_0/include -MMD -MP -MF"src/main.d" -MT"src/main.o" -o "src/main.o" "../src/main.c"
Finished building: ../src/main.c
 
Building target: PWM_AXI_tutorial.elf
Invoking: ARM v7 gcc linker
arm-none-eabi-gcc -mcpu=cortex-a9 -mfpu=vfpv3 -mfloat-abi=hard -Wl,-build-id=none -specs=Xilinx.spec -Wl,-T -Wl,../src/lscript.ld -L../../PWM_AXI_tutorial_bsp/ps7_cortexa9_0/lib -o "PWM_AXI_tutorial.elf"  ./src/main.o   -Wl,--start-group,-lxil,-lgcc,-lc,--end-group
Finished building target: PWM_AXI_tutorial.elf
 
Invoking: ARM v7 Print Size
arm-none-eabi-size PWM_AXI_tutorial.elf  |tee "PWM_AXI_tutorial.elf.size"
   text	   data	    bss	    dec	    hex	filename
  18940	   1144	  22568	  42652	   a69c	PWM_AXI_tutorial.elf
Finished building: PWM_AXI_tutorial.elf.size
 

13:18:59 Build Finished (took 868ms)

